// Jest Snapshot v1, https://goo.gl/fbAQLP

exports[`<MeetingCard /> should render correctly 1`] = `
<DocumentFragment>
  <div
    class="sc-beqWaB ljmzQY"
  >
    <span
      class="sc-hLseeU RSRGY"
    >
      20:00-20:30
    </span>
    <span
      class="sc-gueYoa kfKkec"
    >
      0xf39Fd6e51aad88F6F4ce6aB8827279cffFb92266
    </span>
    <span
      class="sc-dmqHEX gIMSGZ"
    >
      30 minute meeting
    </span>
  </div>
</DocumentFragment>
`;
