// Jest Snapshot v1, https://goo.gl/fbAQLP

exports[`<Profile /> should render correctly 1`] = `
<DocumentFragment>
  <div
    class="sc-beqWaB fQueUu"
  >
    <div
      class="sc-jTrPJq bhrRvO"
    >
      <div
        class="sc-jTrPJq bhrRvO"
      >
        <img
          class="sc-gueYoa iKNoBm"
          src="profile.jpg"
        />
      </div>
      <div
        class="sc-gLDzan kGZipL"
      >
        <span
          class="sc-dmqHEX bpnTkg"
        >
          me@my...com
        </span>
        <span
          class="sc-hLseeU insgSn"
        >
          user1
        </span>
      </div>
    </div>
    <span
      class="sc-eDDNvR kXhsZF"
    >
      A user
    </span>
  </div>
</DocumentFragment>
`;
