// Jest Snapshot v1, https://goo.gl/fbAQLP

exports[`<MeetingCardList /> should render correctly 1`] = `
<DocumentFragment>
  <div
    class="sc-gueYoa hHsXgJ"
  >
    <div
      class="sc-beqWaB fOYWCI"
    >
      ((MeetingCard))
    </div>
    <div
      class="sc-dmqHEX jpFHOq"
    >
      Times shown in local time
    </div>
  </div>
</DocumentFragment>
`;
